

ERROR(S):
  Required option 'ca' is missing.
  Required option 'template' is missing.
  Required option 'target' is missing.
  Required option 'agent-pfx' is missing.

  --ca                    Required. Target certificate authority (format: SERVER\CA-NAME)
  --template              Required. Target certificate template
  --target                Required. Target user to request a certificate for
  --agent-pfx             Required. Target enrollment agent certificate
  --agent-pass            Password for agent certificate
  --application-policy    Target application policy
  --key-size              (Default: 2048) Key size for the private key
  --machine               Request as the machine account
  --output-pem            Output certificate in PEM format
  --install               Install certificate in the current store
  --out-file              Redirect all output streams to a file (format: FILE-PATH)
  --quiet                 Omit printing the Certify logo

Certify completed in <DURATION>
