

====== CertificateThumbprints ======

CurrentUser\Root - 92B46C76E13054E104F230517E6E504D43AB10B5 (Symantec Enterprise Mobile Root for Microsoft) <TIMESTAMP>
CurrentUser\Root - 8F43288AD272F3103B6FB1428485EA3014C0BCFE (Microsoft Root Certificate Authority 2011) <TIMESTAMP>
CurrentUser\Root - 3B1EFD3A66EA28B16697394703A72CA340A05BD5 (Microsoft Root Certificate Authority 2010) <TIMESTAMP>
CurrentUser\Root - 31F9FC8BA3805986B721EA7295C65B3A44534274 (Microsoft ECC TS Root Certificate Authority 2018) <TIMESTAMP>
CurrentUser\Root - 06F1AA330B927B753A40E68CDF22E34BCBEF3352 (Microsoft ECC Product Root Certificate Authority 2018) <TIMESTAMP>
CurrentUser\Root - 0119E81BE9A14CD8E22F40AC118C687ECBA3F4D8 (Microsoft Time Stamp Root Certificate Authority 2014) <TIMESTAMP>
CurrentUser\Root - F40042E2E5F7E8EF8189FED15519AECE42C3BFA2 (Microsoft Identity Verification Root Certificate Authority 2020) <TIMESTAMP>
CurrentUser\Root - DF3C24F9BFD666761B268073FE06D1CC8D4F82A4 (DigiCert Global Root G2) <TIMESTAMP>
CurrentUser\Root - DDFB16CD4931C973A2037D3FC83A4D7D775D05E4 (DigiCert Trusted Root G4) <TIMESTAMP>
CurrentUser\Root - D69B561148F01C77C54578C10926DF5B856976AD (GlobalSign) <TIMESTAMP>
CurrentUser\Root - D1EB23A46D17D68FD92564C2F1F1601764D8E349 (AAA Certificate Services) <TIMESTAMP>
CurrentUser\Root - D1CBCA5DB2D52A7F693B674DE5F05A1D0C957DF0 (USERTrust ECC Certification Authority) <TIMESTAMP>
CurrentUser\Root - CABD2A79A1076A31F21D253635CB039D4329A5E8 (ISRG Root X1) <TIMESTAMP>
CurrentUser\Root - B1BC968BD4F49D622AA89A81F2150152A41D829C (GlobalSign Root CA) <TIMESTAMP>
CurrentUser\Root - AD7E1C28B064EF8F6003402014C3D0E3370EB58A (Starfield Class 2 Certification Authority) <TIMESTAMP>
CurrentUser\Root - A8985D3A65E5E5C4B2D7D66D40C6DD2FB19C5436 (DigiCert Global Root CA) <TIMESTAMP>
CurrentUser\Root - 925A8F8D2C6D04E0665F596AFF22D863E8256F3F (Starfield Services Root Certificate Authority - G2) <TIMESTAMP>
CurrentUser\Root - 8CF427FD790C3AD166068DE81E57EFBB932272D4 (Entrust Root Certification Authority - G2) <TIMESTAMP>
CurrentUser\Root - 7E04DE896A3E666D00E687D33FFAD93BE83D349E (DigiCert Global Root G3) <TIMESTAMP>
CurrentUser\Root - 742C3192E607E424EB4549542BE1BBC53E6174E2 (Class 3 Public Primary Certification Authority) <TIMESTAMP>
CurrentUser\Root - 73A5E64A3BFF8316FF0EDCCC618A906E4EAE4D74 (Microsoft RSA Root Certificate Authority 2017) <TIMESTAMP>
CurrentUser\Root - 5FB7EE0633E259DBAD0C4C9AE6D38F1A61C7DC25 (DigiCert High Assurance EV Root CA) <TIMESTAMP>
CurrentUser\Root - 5EEED86FA37C675230642F55C84DDBF67CD33C80 (DigiCert CS RSA4096 Root G5) <TIMESTAMP>
CurrentUser\Root - 3679CA35668772304D30A5FB873B0FA77BB70D54 (VeriSign Universal Root Certification Authority) <TIMESTAMP>
CurrentUser\Root - 2B8F1B57330DBBA2D07A6C51F70EE90DDAB9AD8E (USERTrust RSA Certification Authority) <TIMESTAMP>
CurrentUser\Root - 2796BAE63F1801E277261BA0D77770028F20EEE4 (Go Daddy Class 2 Certification Authority) <TIMESTAMP>
CurrentUser\Root - 0563B8630D62D75ABBC8AB1E4BDFB5A899B24D43 (DigiCert Assured ID Root CA) <TIMESTAMP>
CurrentUser\Root - 9036CE1D5CD19EA8CFEF3D8C3C0CD1FF7C98953A (SEVENKINGDOMS-CA) <TIMESTAMP>
LocalMachine\Root - 92B46C76E13054E104F230517E6E504D43AB10B5 (Symantec Enterprise Mobile Root for Microsoft) <TIMESTAMP>
LocalMachine\Root - 8F43288AD272F3103B6FB1428485EA3014C0BCFE (Microsoft Root Certificate Authority 2011) <TIMESTAMP>
LocalMachine\Root - 3B1EFD3A66EA28B16697394703A72CA340A05BD5 (Microsoft Root Certificate Authority 2010) <TIMESTAMP>
LocalMachine\Root - 31F9FC8BA3805986B721EA7295C65B3A44534274 (Microsoft ECC TS Root Certificate Authority 2018) <TIMESTAMP>
LocalMachine\Root - 06F1AA330B927B753A40E68CDF22E34BCBEF3352 (Microsoft ECC Product Root Certificate Authority 2018) <TIMESTAMP>
LocalMachine\Root - 0119E81BE9A14CD8E22F40AC118C687ECBA3F4D8 (Microsoft Time Stamp Root Certificate Authority 2014) <TIMESTAMP>
LocalMachine\Root - F40042E2E5F7E8EF8189FED15519AECE42C3BFA2 (Microsoft Identity Verification Root Certificate Authority 2020) <TIMESTAMP>
LocalMachine\Root - DF3C24F9BFD666761B268073FE06D1CC8D4F82A4 (DigiCert Global Root G2) <TIMESTAMP>
LocalMachine\Root - DDFB16CD4931C973A2037D3FC83A4D7D775D05E4 (DigiCert Trusted Root G4) <TIMESTAMP>
LocalMachine\Root - D69B561148F01C77C54578C10926DF5B856976AD (GlobalSign) <TIMESTAMP>
LocalMachine\Root - D1EB23A46D17D68FD92564C2F1F1601764D8E349 (AAA Certificate Services) <TIMESTAMP>
LocalMachine\Root - D1CBCA5DB2D52A7F693B674DE5F05A1D0C957DF0 (USERTrust ECC Certification Authority) <TIMESTAMP>
LocalMachine\Root - CABD2A79A1076A31F21D253635CB039D4329A5E8 (ISRG Root X1) <TIMESTAMP>
LocalMachine\Root - B1BC968BD4F49D622AA89A81F2150152A41D829C (GlobalSign Root CA) <TIMESTAMP>
LocalMachine\Root - AD7E1C28B064EF8F6003402014C3D0E3370EB58A (Starfield Class 2 Certification Authority) <TIMESTAMP>
LocalMachine\Root - A8985D3A65E5E5C4B2D7D66D40C6DD2FB19C5436 (DigiCert Global Root CA) <TIMESTAMP>
LocalMachine\Root - 925A8F8D2C6D04E0665F596AFF22D863E8256F3F (Starfield Services Root Certificate Authority - G2) <TIMESTAMP>
LocalMachine\Root - 8CF427FD790C3AD166068DE81E57EFBB932272D4 (Entrust Root Certification Authority - G2) <TIMESTAMP>
LocalMachine\Root - 7E04DE896A3E666D00E687D33FFAD93BE83D349E (DigiCert Global Root G3) <TIMESTAMP>
LocalMachine\Root - 742C3192E607E424EB4549542BE1BBC53E6174E2 (Class 3 Public Primary Certification Authority) <TIMESTAMP>
LocalMachine\Root - 73A5E64A3BFF8316FF0EDCCC618A906E4EAE4D74 (Microsoft RSA Root Certificate Authority 2017) <TIMESTAMP>
LocalMachine\Root - 5FB7EE0633E259DBAD0C4C9AE6D38F1A61C7DC25 (DigiCert High Assurance EV Root CA) <TIMESTAMP>
LocalMachine\Root - 5EEED86FA37C675230642F55C84DDBF67CD33C80 (DigiCert CS RSA4096 Root G5) <TIMESTAMP>
LocalMachine\Root - 3679CA35668772304D30A5FB873B0FA77BB70D54 (VeriSign Universal Root Certification Authority) <TIMESTAMP>
LocalMachine\Root - 2B8F1B57330DBBA2D07A6C51F70EE90DDAB9AD8E (USERTrust RSA Certification Authority) <TIMESTAMP>
LocalMachine\Root - 2796BAE63F1801E277261BA0D77770028F20EEE4 (Go Daddy Class 2 Certification Authority) <TIMESTAMP>
LocalMachine\Root - 0563B8630D62D75ABBC8AB1E4BDFB5A899B24D43 (DigiCert Assured ID Root CA) <TIMESTAMP>
LocalMachine\Root - 9036CE1D5CD19EA8CFEF3D8C3C0CD1FF7C98953A (SEVENKINGDOMS-CA) <TIMESTAMP>
CurrentUser\CertificateAuthority - D30F05F637E605239C0070D1EA9860D434AC2A94 (Microsoft Windows Code Signing PCA 2024) <TIMESTAMP>
CurrentUser\CertificateAuthority - 7B0F360B775F76C94A12CA48445AA2D2A875701C (DigiCert Trusted G4 Code Signing RSA4096 SHA384 2021 CA1) <TIMESTAMP>
CurrentUser\CertificateAuthority - FEE449EE0E3965A5246F000E87FDE2A065FD89D4 (Root Agency) <TIMESTAMP>
CurrentUser\CertificateAuthority - 967D425DF7ECAA546B799BCAF91FFF244A84EBB1 (WIN11-22H2-X64) <TIMESTAMP>
CurrentUser\CertificateAuthority - 9036CE1D5CD19EA8CFEF3D8C3C0CD1FF7C98953A (SEVENKINGDOMS-CA) <TIMESTAMP>
LocalMachine\CertificateAuthority - FEE449EE0E3965A5246F000E87FDE2A065FD89D4 (Root Agency) <TIMESTAMP>
LocalMachine\CertificateAuthority - 967D425DF7ECAA546B799BCAF91FFF244A84EBB1 (WIN11-22H2-X64) <TIMESTAMP>
LocalMachine\CertificateAuthority - 9036CE1D5CD19EA8CFEF3D8C3C0CD1FF7C98953A (SEVENKINGDOMS-CA) <TIMESTAMP>
CurrentUser\AuthRoot - F40042E2E5F7E8EF8189FED15519AECE42C3BFA2 (Microsoft Identity Verification Root Certificate Authority 2020) <TIMESTAMP>
CurrentUser\AuthRoot - DF3C24F9BFD666761B268073FE06D1CC8D4F82A4 (DigiCert Global Root G2) <TIMESTAMP>
CurrentUser\AuthRoot - DDFB16CD4931C973A2037D3FC83A4D7D775D05E4 (DigiCert Trusted Root G4) <TIMESTAMP>
CurrentUser\AuthRoot - D69B561148F01C77C54578C10926DF5B856976AD (GlobalSign) <TIMESTAMP>
CurrentUser\AuthRoot - D1EB23A46D17D68FD92564C2F1F1601764D8E349 (AAA Certificate Services) <TIMESTAMP>
CurrentUser\AuthRoot - D1CBCA5DB2D52A7F693B674DE5F05A1D0C957DF0 (USERTrust ECC Certification Authority) <TIMESTAMP>
CurrentUser\AuthRoot - CABD2A79A1076A31F21D253635CB039D4329A5E8 (ISRG Root X1) <TIMESTAMP>
CurrentUser\AuthRoot - B1BC968BD4F49D622AA89A81F2150152A41D829C (GlobalSign Root CA) <TIMESTAMP>
CurrentUser\AuthRoot - AD7E1C28B064EF8F6003402014C3D0E3370EB58A (Starfield Class 2 Certification Authority) <TIMESTAMP>
CurrentUser\AuthRoot - A8985D3A65E5E5C4B2D7D66D40C6DD2FB19C5436 (DigiCert Global Root CA) <TIMESTAMP>
CurrentUser\AuthRoot - 925A8F8D2C6D04E0665F596AFF22D863E8256F3F (Starfield Services Root Certificate Authority - G2) <TIMESTAMP>
CurrentUser\AuthRoot - 8CF427FD790C3AD166068DE81E57EFBB932272D4 (Entrust Root Certification Authority - G2) <TIMESTAMP>
CurrentUser\AuthRoot - 7E04DE896A3E666D00E687D33FFAD93BE83D349E (DigiCert Global Root G3) <TIMESTAMP>
CurrentUser\AuthRoot - 742C3192E607E424EB4549542BE1BBC53E6174E2 (Class 3 Public Primary Certification Authority) <TIMESTAMP>
CurrentUser\AuthRoot - 73A5E64A3BFF8316FF0EDCCC618A906E4EAE4D74 (Microsoft RSA Root Certificate Authority 2017) <TIMESTAMP>
CurrentUser\AuthRoot - 5FB7EE0633E259DBAD0C4C9AE6D38F1A61C7DC25 (DigiCert High Assurance EV Root CA) <TIMESTAMP>
CurrentUser\AuthRoot - 5EEED86FA37C675230642F55C84DDBF67CD33C80 (DigiCert CS RSA4096 Root G5) <TIMESTAMP>
CurrentUser\AuthRoot - 3679CA35668772304D30A5FB873B0FA77BB70D54 (VeriSign Universal Root Certification Authority) <TIMESTAMP>
CurrentUser\AuthRoot - 2B8F1B57330DBBA2D07A6C51F70EE90DDAB9AD8E (USERTrust RSA Certification Authority) <TIMESTAMP>
CurrentUser\AuthRoot - 2796BAE63F1801E277261BA0D77770028F20EEE4 (Go Daddy Class 2 Certification Authority) <TIMESTAMP>
CurrentUser\AuthRoot - 0563B8630D62D75ABBC8AB1E4BDFB5A899B24D43 (DigiCert Assured ID Root CA) <TIMESTAMP>
LocalMachine\AuthRoot - F40042E2E5F7E8EF8189FED15519AECE42C3BFA2 (Microsoft Identity Verification Root Certificate Authority 2020) <TIMESTAMP>
LocalMachine\AuthRoot - DF3C24F9BFD666761B268073FE06D1CC8D4F82A4 (DigiCert Global Root G2) <TIMESTAMP>
LocalMachine\AuthRoot - DDFB16CD4931C973A2037D3FC83A4D7D775D05E4 (DigiCert Trusted Root G4) <TIMESTAMP>
LocalMachine\AuthRoot - D69B561148F01C77C54578C10926DF5B856976AD (GlobalSign) <TIMESTAMP>
LocalMachine\AuthRoot - D1EB23A46D17D68FD92564C2F1F1601764D8E349 (AAA Certificate Services) <TIMESTAMP>
LocalMachine\AuthRoot - D1CBCA5DB2D52A7F693B674DE5F05A1D0C957DF0 (USERTrust ECC Certification Authority) <TIMESTAMP>
LocalMachine\AuthRoot - CABD2A79A1076A31F21D253635CB039D4329A5E8 (ISRG Root X1) <TIMESTAMP>
LocalMachine\AuthRoot - B1BC968BD4F49D622AA89A81F2150152A41D829C (GlobalSign Root CA) <TIMESTAMP>
LocalMachine\AuthRoot - AD7E1C28B064EF8F6003402014C3D0E3370EB58A (Starfield Class 2 Certification Authority) <TIMESTAMP>
LocalMachine\AuthRoot - A8985D3A65E5E5C4B2D7D66D40C6DD2FB19C5436 (DigiCert Global Root CA) <TIMESTAMP>
LocalMachine\AuthRoot - 925A8F8D2C6D04E0665F596AFF22D863E8256F3F (Starfield Services Root Certificate Authority - G2) <TIMESTAMP>
LocalMachine\AuthRoot - 8CF427FD790C3AD166068DE81E57EFBB932272D4 (Entrust Root Certification Authority - G2) <TIMESTAMP>
LocalMachine\AuthRoot - 7E04DE896A3E666D00E687D33FFAD93BE83D349E (DigiCert Global Root G3) <TIMESTAMP>
LocalMachine\AuthRoot - 742C3192E607E424EB4549542BE1BBC53E6174E2 (Class 3 Public Primary Certification Authority) <TIMESTAMP>
LocalMachine\AuthRoot - 73A5E64A3BFF8316FF0EDCCC618A906E4EAE4D74 (Microsoft RSA Root Certificate Authority 2017) <TIMESTAMP>
LocalMachine\AuthRoot - 5FB7EE0633E259DBAD0C4C9AE6D38F1A61C7DC25 (DigiCert High Assurance EV Root CA) <TIMESTAMP>
LocalMachine\AuthRoot - 5EEED86FA37C675230642F55C84DDBF67CD33C80 (DigiCert CS RSA4096 Root G5) <TIMESTAMP>
LocalMachine\AuthRoot - 3679CA35668772304D30A5FB873B0FA77BB70D54 (VeriSign Universal Root Certification Authority) <TIMESTAMP>
LocalMachine\AuthRoot - 2B8F1B57330DBBA2D07A6C51F70EE90DDAB9AD8E (USERTrust RSA Certification Authority) <TIMESTAMP>
LocalMachine\AuthRoot - 2796BAE63F1801E277261BA0D77770028F20EEE4 (Go Daddy Class 2 Certification Authority) <TIMESTAMP>
LocalMachine\AuthRoot - 0563B8630D62D75ABBC8AB1E4BDFB5A899B24D43 (DigiCert Assured ID Root CA) <TIMESTAMP>
CurrentUser\TrustedPublisher - 5C485F20BEF4A9DD77258A2F06D9386F18FB0696 (Red Hat Inc.) <TIMESTAMP>
LocalMachine\TrustedPublisher - 5C485F20BEF4A9DD77258A2F06D9386F18FB0696 (Red Hat Inc.) <TIMESTAMP>

[*] Completed collection in <DURATION>

