

====== ChromiumPresence ======

  C:\Users\domainuser\AppData\Local\Microsoft\Edge\User Data\Default\

    'History'     (<TIMESTAMP>)  :  Run the 'ChromiumHistory' command

  C:\Users\localuser\AppData\Local\Google\Chrome\User Data\Default\

    'History'     (<TIMESTAMP>)  :  Run the 'ChromiumHistory' command
     Chrome Version                       :  <VERSION>

  C:\Users\localuser\AppData\Local\Microsoft\Edge\User Data\Default\

    'History'     (<TIMESTAMP>)  :  Run the 'ChromiumHistory' command

  C:\Users\testlow\AppData\Local\Microsoft\Edge\User Data\Default\

    'History'     (<TIMESTAMP>)  :  Run the 'ChromiumHistory' command

[*] Completed collection in <DURATION>

