

====== TokenGroups ======

Current Token's Groups

  Everyone                                 S-1-1-0
  NT AUTHORITY\Local account and member of Administrators group S-1-5-114
                                           S-1-5-21-938188635-2802087747-672847961-1002
  BUILTIN\Administrators                   S-1-5-32-544
  BUILTIN\Users                            S-1-5-32-545
  NT AUTHORITY\NETWORK                     S-1-5-2
  NT AUTHORITY\Authenticated Users         S-1-5-11
  NT AUTHORITY\This Organization           S-1-5-15
  NT AUTHORITY\Local account               S-1-5-113
  NT AUTHORITY\LogonSessionId_0_<LUID> S-1-5-5-0-<LUID>
  NT AUTHORITY\NTLM Authentication         S-1-5-64-10
  Mandatory Label\High Mandatory Level     S-1-16-12288

[*] Completed collection in <DURATION>

