
   ______        _                      
  (_____ \      | |                     
   _____) )_   _| |__  _____ _   _  ___ 
  |  __  /| | | |  _ \| ___ | | | |/___)
  | |  \ \| |_| | |_) ) ____| |_| |___ |
  |_|   |_|____/|____/|_____)____/(___/

  <VERSION>
Action: Dump Kerberos Ticket Data (Current User)

[*] Current LUID    : <LUID>

  UserName                 : domainuser
  Domain                   : SEVENKINGDOMS
  LogonId                  : <LUID>
  UserSID                  : S-1-5-21-4036725276-3362447718-3431182315-1124
  AuthenticationPackage    : Kerberos
  LogonType                : NetworkCleartext
  LogonTime                : <TIMESTAMP>
  LogonServer              : KINGSLANDING
  LogonServerDNSDomain     : SEVENKINGDOMS.LOCAL
  UserPrincipalName        : domainuser@sevenkingdoms.local

    ServiceName              :  krbtgt/SEVENKINGDOMS.LOCAL
    ServiceRealm             :  SEVENKINGDOMS.LOCAL
    UserName                 :  domainuser (NT_PRINCIPAL)
    UserRealm                :  SEVENKINGDOMS.LOCAL
    StartTime                :  <TIMESTAMP>
    EndTime                  :  <TIMESTAMP>
    RenewTill                :  <TIMESTAMP>
    Flags                    :  name_canonicalize, pre_authent, initial, renewable, forwardable
    KeyType                  :  aes256_cts_hmac_sha1
    Base64(key)              :  <KEY>=
    Base64EncodedTicket   :

  <KIRBI>

