
   ______        _                      
  (_____ \      | |                     
   _____) )_   _| |__  _____ _   _  ___ 
  |  __  /| | | |  _ \| ___ | | | |/___)
  | |  \ \| |_| | |_) ) ____| |_| |___ |
  |_|   |_|____/|____/|_____)____/(___/

  <VERSION>
Action: Triage Kerberos Tickets (Current User)

[*] Current LUID    : <LUID>

 ---------------------------------------------------------------------------------------------------- 
 | LUID       | UserName                         | Service                    | EndTime             |
 ---------------------------------------------------------------------------------------------------- 
 | <LUID> | domainuser @ SEVENKINGDOMS.LOCAL | krbtgt/SEVENKINGDOMS.LOCAL | <TIMESTAMP> |
 ---------------------------------------------------------------------------------------------------- 

